// Jest Snapshot v1, https://goo.gl/fbAQLP

exports[`format --no-cache will disable caching 1`] = `eslint --config ./src/config/eslintrc.js --ignore-path ./src/config/eslintignore --ext .js,.jsx,.ts,.tsx --no-cache .`;

exports[`format calls eslint CLI with default args 1`] = `eslint --config ./src/config/eslintrc.js --ignore-path ./src/config/eslintignore --cache --ext .js,.jsx,.ts,.tsx .`;

exports[`format does not use built-in config with .eslintrc file 1`] = `eslint --ignore-path ./src/config/eslintignore --cache --ext .js,.jsx,.ts,.tsx .`;

exports[`format does not use built-in config with .eslintrc.js file 1`] = `eslint --ignore-path ./src/config/eslintignore --cache --ext .js,.jsx,.ts,.tsx .`;

exports[`format does not use built-in config with --config 1`] = `eslint --ignore-path ./src/config/eslintignore --cache --ext .js,.jsx,.ts,.tsx --config ./custom-config.js .`;

exports[`format does not use built-in config with eslintConfig pkg prop 1`] = `eslint --ignore-path ./src/config/eslintignore --cache --ext .js,.jsx,.ts,.tsx .`;

exports[`format does not use built-in ignore with .eslintignore file 1`] = `eslint --config ./src/config/eslintrc.js --cache --ext .js,.jsx,.ts,.tsx .`;

exports[`format does not use built-in ignore with --ignore-path 1`] = `eslint --config ./src/config/eslintrc.js --cache --ext .js,.jsx,.ts,.tsx --ignore-path ./my-ignore .`;

exports[`format does not use built-in ignore with eslintIgnore pkg prop 1`] = `eslint --config ./src/config/eslintrc.js --cache --ext .js,.jsx,.ts,.tsx .`;

exports[`format runs on given files, but only js files 1`] = `eslint --config ./src/config/eslintrc.js --ignore-path ./src/config/eslintignore --cache --ext .js,.jsx,.ts,.tsx ./src/index.js ./src/component.js`;
